설정: k=50 te=False hgb_members=8 lgbm_members=3 recenter_f=0.5 era_lgbm=False context_members=3 context_weight=0.20
시즌별 정답률:
season
2019    0.5647
2020    0.5327
2021    0.5328
2022    0.5289
2023    0.5000
2024    0.4861
2025 외삽 정답률 = 0.4622 (최근 3시즌 직선 적합, 기울기 -0.0214/년)
학습 행렬: (1475092, 102)  union=102 hgb=91 lgbm=91 context=49
  [hgb] member 1/8 학습 완료 n_iter=977 (137s)
  [hgb] member 2/8 학습 완료 n_iter=1190 (173s)
  [hgb] member 3/8 학습 완료 n_iter=1342 (365s)
  [hgb] member 4/8 학습 완료 n_iter=759 (109s)
  [hgb] member 5/8 학습 완료 n_iter=741 (127s)
  [hgb] member 6/8 학습 완료 n_iter=542 (74s)
  [hgb] member 7/8 학습 완료 n_iter=888 (148s)
  [hgb] member 8/8 학습 완료 n_iter=1236 (163s)
  [lgbm] member 1/3 학습 완료 (37s)
  [lgbm] member 2/3 학습 완료 (29s)
  [lgbm] member 3/3 학습 완료 (48s)
  [context] member 1/3 학습 완료 (18s)
  [context] member 2/3 학습 완료 (15s)
  [context] member 3/3 학습 완료 (21s)
마지막 학습 시즌(2024) 평균 예측=0.4871 (실제 0.4861)
재중심화: 0.4871 -> 0.4747 (외삽 0.4622 의 50% 지점)  logit_shift=-0.05048
저장 완료: ./open/baseline_submit/model/bundle.pkl  (40.4MB)
