설정: k=50 te=False members=8 lgbm_members=3 recenter_f=0.5
시즌별 정답률:
season
2019    0.5647
2020    0.5327
2021    0.5328
2022    0.5289
2023    0.5000
2024    0.4861
2025 외삽 정답률 = 0.4622 (최근 3시즌 직선 적합, 기울기 -0.0214/년)
학습 행렬: (1475092, 91)  사용 컬럼 91
  [hgb] member 1/8 학습 완료 n_iter=977 (138s)
  [hgb] member 2/8 학습 완료 n_iter=1190 (124s)
  [hgb] member 3/8 학습 완료 n_iter=1342 (221s)
  [hgb] member 4/8 학습 완료 n_iter=759 (131s)
  [hgb] member 5/8 학습 완료 n_iter=741 (155s)
  [hgb] member 6/8 학습 완료 n_iter=542 (79s)
  [hgb] member 7/8 학습 완료 n_iter=888 (153s)
  [hgb] member 8/8 학습 완료 n_iter=1236 (172s)
  [lgbm] member 1/3 학습 완료 (38s)
  [lgbm] member 2/3 학습 완료 (29s)
  [lgbm] member 3/3 학습 완료 (51s)
마지막 학습 시즌(2024) 평균 예측=0.4871 (실제 0.4861)
재중심화: 0.4871 -> 0.4747 (외삽 0.4622 의 50% 지점)  logit_shift=-0.05052
저장 완료: ./open/baseline_submit/model/bundle.pkl  (37.0MB)
