trackman_history.csv 로드 및 시즌별 집계 중...
시즌 집계 피처 14개: ['tm_rel_speed_mean', 'tm_rel_speed_std', 'tm_spin_rate_mean', 'tm_spin_rate_std', 'tm_induced_vert_break_mean', 'tm_induced_vert_break_std', 'tm_horz_break_mean', 'tm_horz_break_std', 'tm_extension_mean', 'tm_extension_std', 'tm_share_breaking', 'tm_share_fastball', 'tm_share_offspeed', 'tm_share_other']
        tm_rel_speed_mean  tm_rel_speed_std  tm_spin_rate_mean  tm_spin_rate_std  tm_induced_vert_break_mean  tm_induced_vert_break_std  tm_horz_break_mean  tm_horz_break_std  tm_extension_mean  tm_extension_std  tm_share_breaking  tm_share_fastball  tm_share_offspeed  tm_share_other
season                                                                                                                                                                                                                                                                                      
2019              135.466             9.441           2169.257           342.217                      27.684                     23.873               8.682             25.042              1.803             0.151              0.258              0.577              0.145           0.020
2020              135.565             9.384           2158.031           334.048                      27.934                     23.632              10.374             25.115              1.835             0.151              0.256              0.578              0.148           0.018
2021              135.615             9.267           2170.896           327.882                      27.496                     23.804               9.717             25.773              1.848             0.152              0.258              0.575              0.149           0.019
2022              136.433             9.457           2170.940           328.559                      25.204                     25.138              10.130             26.206              1.703             0.152              0.297              0.477              0.216           0.010
2023              136.186             9.334           2176.140           338.617                      24.423                     24.472               9.462             26.580              1.695             0.155              0.310              0.464              0.221           0.005
2024              136.352             9.313           2172.875           354.682                      22.802                     24.415               8.413             26.270              1.694             0.154              0.325              0.468              0.202           0.006

==============================================================================
fold val_season=2022
==============================================================================
  [baseline] member 1/5 (45s)
  [baseline] member 2/5 (43s)
  [baseline] member 3/5 (58s)
  [baseline] member 4/5 (45s)
  [baseline] member 5/5 (43s)
  [+trackman] member 1/5 (55s)
  [+trackman] member 2/5 (50s)
  [+trackman] member 3/5 (69s)
  [+trackman] member 4/5 (49s)
  [+trackman] member 5/5 (59s)

>> fold 2022: baseline=2254.43  +trackman=2233.58  diff=-20.85 (SE=8.3)

==============================================================================
fold val_season=2023
==============================================================================
  [baseline] member 1/5 (74s)
  [baseline] member 2/5 (69s)
  [baseline] member 3/5 (114s)
  [baseline] member 4/5 (65s)
  [baseline] member 5/5 (72s)
  [+trackman] member 1/5 (74s)
  [+trackman] member 2/5 (54s)
  [+trackman] member 3/5 (127s)
  [+trackman] member 4/5 (85s)
  [+trackman] member 5/5 (86s)

>> fold 2023: baseline=0.00  +trackman=0.00  diff=-16.95 (SE=7.5)

==============================================================================
fold val_season=2024
==============================================================================
  [baseline] member 1/5 (123s)
  [baseline] member 2/5 (73s)
  [baseline] member 3/5 (152s)
  [baseline] member 4/5 (90s)
  [baseline] member 5/5 (84s)
  [+trackman] member 1/5 (127s)
  [+trackman] member 2/5 (81s)
  [+trackman] member 3/5 (135s)
  [+trackman] member 4/5 (110s)
  [+trackman] member 5/5 (116s)

>> fold 2024: baseline=618.73  +trackman=524.93  diff=-93.80 (SE=8.6)

==============================================================================
요약 (baseline vs +trackman, raw 점수 — 재중심화 없음)
==============================================================================
  fold 2022: baseline=2254.43  +trackman=2233.58  diff= -20.85 (SE=8.3)
  fold 2023: baseline=   0.00  +trackman=   0.00  diff= -16.95 (SE=7.5)
  fold 2024: baseline= 618.73  +trackman= 524.93  diff= -93.80 (SE=8.6)

폴드 평균 diff = -43.86 (폴드 std=43.29, n=3)
