
======================================================================
[hgb] fold val_season=2022
======================================================================
  member 1/5 single=2162.36 (49s)
  member 2/5 single=2087.76 (58s)
  member 3/5 single=2218.81 (64s)
  member 4/5 single=2149.03 (46s)
  member 5/5 single=2187.76 (46s)
>> [hgb] fold 2022 ensemble(5)=2254.43

======================================================================
[hgb] fold val_season=2023
======================================================================
  member 1/5 single=   0.00 (4314s)
  member 2/5 single=   0.00 (71s)
  member 3/5 single=   0.00 (104s)
  member 4/5 single=   0.00 (94s)
  member 5/5 single=   0.00 (79s)
>> [hgb] fold 2023 ensemble(5)=0.00

======================================================================
[hgb] fold val_season=2024
======================================================================
  member 1/5 single= 510.61 (122s)
  member 2/5 single= 484.90 (71s)
  member 3/5 single= 563.86 (150s)
  member 4/5 single= 503.93 (93s)
  member 5/5 single= 486.00 (92s)
>> [hgb] fold 2024 ensemble(5)=618.73

[hgb] 전체 폴드 완료
