
======================================================================
[lgbm] fold val_season=2022
======================================================================
  member 1/3 single=2219.37 (19s)
  member 2/3 single=2148.17 (16s)
  member 3/3 single=2217.39 (30s)
>> [lgbm] fold 2022 ensemble(3)=2251.63

======================================================================
[lgbm] fold val_season=2023
======================================================================
  member 1/3 single=   0.00 (25s)
  member 2/3 single=   0.00 (19s)
  member 3/3 single=   0.00 (35s)
>> [lgbm] fold 2023 ensemble(3)=0.00

======================================================================
[lgbm] fold val_season=2024
======================================================================
  member 1/3 single= 636.27 (30s)
  member 2/3 single= 519.18 (22s)
  member 3/3 single= 637.67 (41s)
>> [lgbm] fold 2024 ensemble(3)=649.70

[lgbm] 전체 폴드 완료
