
[screen] fold=2022
/Users/taekwan/Desktop/lgaimers/.venv/lib/python3.11/site-packages/joblib/externals/loky/backend/context.py:131: UserWarning: Could not find the number of physical cores for the following reason:
invalid literal for int() with base 10: ''
Returning the number of logical cores instead. You can silence this warning by setting LOKY_MAX_CPU_COUNT to the number of cores you want to use.
  warnings.warn(
  File "/Users/taekwan/Desktop/lgaimers/.venv/lib/python3.11/site-packages/joblib/externals/loky/backend/context.py", line 249, in _count_physical_cores
    cpu_count_physical = _count_physical_cores_darwin()
                         ^^^^^^^^^^^^^^^^^^^^^^^^^^^^^^
  File "/Users/taekwan/Desktop/lgaimers/.venv/lib/python3.11/site-packages/joblib/externals/loky/backend/context.py", line 318, in _count_physical_cores_darwin
    return int(cpu_info)
           ^^^^^^^^^^^^^
  classifier trained in 18.1s
  regressor trained in 19.8s; clip={'raw_min': 0.25937780331510446, 'raw_max': 0.8315471363779978, 'clip_low': 0.0, 'clip_high': 0.0}
    paired classifier      brier=0.24363375 BSS= 2219.37 reliability=0.00005311 resolution=0.00543647 ECE=0.005789
    paired regressor       brier=0.24377791 BSS= 2161.51 reliability=0.00006500 resolution=0.00534620 ECE=0.006516
    paired reg-cls diff=-57.86 (SE=13.24)

[screen] fold=2023
  classifier trained in 36.5s
  regressor trained in 49.4s; clip={'raw_min': 0.2941978135240907, 'raw_max': 0.8086047680710361, 'clip_low': 0.0, 'clip_high': 0.0}
    paired classifier      brier=0.25349253 BSS=    0.00 reliability=0.00452678 resolution=0.00103369 ECE=0.028971
    paired regressor       brier=0.25344937 BSS=    0.00 reliability=0.00445912 resolution=0.00100223 ECE=0.029263
    paired reg-cls diff=+17.26 (SE=12.02)

[screen] fold=2024
  classifier trained in 66.4s
  regressor trained in 68.8s; clip={'raw_min': 0.28101816457010104, 'raw_max': 0.7118672312952394, 'clip_low': 0.0, 'clip_high': 0.0}
    paired classifier      brier=0.24821748 BSS=  636.27 reliability=0.00020493 resolution=0.00179202 ECE=0.012247
    paired regressor       brier=0.24827956 BSS=  611.42 reliability=0.00020544 resolution=0.00172353 ECE=0.012684
    paired reg-cls diff=-24.85 (SE=11.43)
