
[fold 2023] train=976,060 val=245,525
   v2 seed=42 (54s)
   v2 seed=7 (49s)
   v2 seed=2024 (53s)
   shrink_k50 seed=42 (79s)
   shrink_k50 seed=7 (85s)
   shrink_k50 seed=2024 (83s)

[fold 2024] train=1,221,585 val=253,507
   v2 seed=42 (64s)
   v2 seed=7 (87s)
   v2 seed=2024 (79s)
   shrink_k50 seed=42 (134s)
   shrink_k50 seed=7 (118s)
   shrink_k50 seed=2024 (88s)

========================================================================================
보정 기울기 a* 와 보정 후 점수
========================================================================================
v2          fold2023: a*= 0.157  spread E[(p-r)^2]=0.005197  raw=   0.00  재중심화=   0.00  +a*축소=  51.35
                     이론 최대이득 = a*^2*spread/base*1e5 =   51.35점
v2          fold2024: a*= 0.883  spread E[(p-r)^2]=0.002134  raw= 592.46  재중심화= 654.94  +a*축소= 666.56
                     이론 최대이득 = a*^2*spread/base*1e5 =  666.56점
shrink_k50  fold2023: a*= 0.166  spread E[(p-r)^2]=0.005210  raw=   0.00  재중심화=   0.00  +a*축소=  57.15
                     이론 최대이득 = a*^2*spread/base*1e5 =   57.15점
shrink_k50  fold2024: a*= 0.896  spread E[(p-r)^2]=0.002133  raw= 616.93  재중심화= 676.30  +a*축소= 685.53
                     이론 최대이득 = a*^2*spread/base*1e5 =  685.53점

--- a 를 '다른 폴드'에서 추정해 적용 (일반화 확인) ---
  v2          oracle r  a=1(보정없음)        -> fold2024 score=  654.94
  v2          oracle r  a=0.157(전폴드)     -> fold2024 score=  216.10
  v2          oracle r  a=0.5(보수적)       -> fold2024 score=  541.03
  v2          외삽 r      a=1(보정없음)        -> fold2024 score=  653.81
  v2          외삽 r      a=0.157(전폴드)     -> fold2024 score=  215.04
  v2          외삽 r      a=0.5(보수적)       -> fold2024 score=  539.98
  shrink_k50  oracle r  a=1(보정없음)        -> fold2024 score=  676.30
  shrink_k50  oracle r  a=0.166(전폴드)     -> fold2024 score=  229.96
  shrink_k50  oracle r  a=0.5(보수적)       -> fold2024 score=  551.60
  shrink_k50  외삽 r      a=1(보정없음)        -> fold2024 score=  675.18
  shrink_k50  외삽 r      a=0.166(전폴드)     -> fold2024 score=  228.91
  shrink_k50  외삽 r      a=0.5(보수적)       -> fold2024 score=  550.55
