raw: (1475092, 48)
with derived: (1475092, 58)
train: 1221585 val: 253507
A_lr.1_leaf31_withIDs    fit=  26.2s n_iter= 412 brier=0.248786 score=408.54
B_lr.05_leaf63_withIDs   fit=  44.5s n_iter= 537 brier=0.248664 score=457.54
C_lr.1_leaf31_noIDs      fit=  29.9s n_iter= 455 brier=0.248818 score=395.74

=== 요약 (baseline RF: brier=0.248767, score=416.18) ===
A_lr.1_leaf31_withIDs    score=  408.54  brier=0.248786  fit=26.2s  n_iter=412
B_lr.05_leaf63_withIDs   score=  457.54  brier=0.248664  fit=44.5s  n_iter=537
C_lr.1_leaf31_noIDs      score=  395.74  brier=0.248818  fit=29.9s  n_iter=455
val n=253507  r=0.4861  base=0.249807
seed=    42  brier=0.248405  score= 561.34  (63s)
seed=     1  brier=0.248482  score= 530.54  (72s)
seed=     7  brier=0.248765  score= 417.27  (96s)
seed=  2024  brier=0.248479  score= 531.48  (69s)
seed= 12345  brier=0.248703  score= 441.74  (76s)

seed 간 score: mean=496.5  std=63.0  min=417.3  max=561.3  range=144.1
paired brier diff SE = 0.000046 -> score 환산 약 18.4점
즉 두 모델 점수차가 약 37점 미만이면 통계적으로 구분 불가(2SE)

[시드 5개 평균 앙상블] brier=0.248304 score=601.51 (단일 모델 평균 496.5 대비 +105.0)
