
[fold=2022] CatBoost seed=2026 command blocks
0:	learn: 0.2494666	total: 295ms	remaining: 1m 42s
100:	learn: 0.2431772	total: 23.9s	remaining: 58.8s
200:	learn: 0.2425479	total: 48.5s	remaining: 36s
300:	learn: 0.2419972	total: 1m 13s	remaining: 12s
349:	learn: 0.2417106	total: 1m 26s	remaining: 0us
  CatBoost seed=2026 fit+predict 89s
  strike          extra= 3 gain=   +1.18 SE=6.69 shift=-0.04278
0:	learn: 0.2494666	total: 233ms	remaining: 1m 21s
100:	learn: 0.2431953	total: 25.8s	remaining: 1m 3s
200:	learn: 0.2425460	total: 51.5s	remaining: 38.2s
300:	learn: 0.2420359	total: 1m 17s	remaining: 12.6s
349:	learn: 0.2417362	total: 1m 30s	remaining: 0us
  CatBoost seed=2026 fit+predict 94s
  ball            extra= 3 gain=   -2.55 SE=6.61 shift=-0.04289
0:	learn: 0.2494666	total: 230ms	remaining: 1m 20s
100:	learn: 0.2431680	total: 27.9s	remaining: 1m 8s
200:	learn: 0.2425618	total: 57.4s	remaining: 42.5s
300:	learn: 0.2420198	total: 1m 28s	remaining: 14.5s
349:	learn: 0.2417352	total: 1m 44s	remaining: 0us
  CatBoost seed=2026 fit+predict 107s
  middle          extra= 3 gain=  -11.52 SE=6.59 shift=-0.04289
0:	learn: 0.2494664	total: 318ms	remaining: 1m 50s
100:	learn: 0.2432097	total: 31.2s	remaining: 1m 16s
200:	learn: 0.2425399	total: 1m 1s	remaining: 45.8s
300:	learn: 0.2419869	total: 1m 33s	remaining: 15.2s
349:	learn: 0.2417166	total: 1m 49s	remaining: 0us
  CatBoost seed=2026 fit+predict 113s
  reverse         extra= 3 gain=   -4.12 SE=6.70 shift=-0.04273
0:	learn: 0.2494529	total: 262ms	remaining: 1m 31s
100:	learn: 0.2431965	total: 30.4s	remaining: 1m 15s
200:	learn: 0.2425445	total: 59.5s	remaining: 44.1s
300:	learn: 0.2420060	total: 1m 28s	remaining: 14.4s
349:	learn: 0.2417247	total: 1m 42s	remaining: 0us
  CatBoost seed=2026 fit+predict 106s
  strike_ball     extra= 6 gain=   +4.82 SE=7.24 shift=-0.04270
0:	learn: 0.2494529	total: 263ms	remaining: 1m 31s
100:	learn: 0.2431709	total: 30.1s	remaining: 1m 14s
200:	learn: 0.2425328	total: 59.1s	remaining: 43.8s
300:	learn: 0.2419806	total: 1m 29s	remaining: 14.6s
349:	learn: 0.2417006	total: 1m 45s	remaining: 0us
  CatBoost seed=2026 fit+predict 109s
  middle_reverse  extra= 6 gain=  +25.27 SE=6.75 shift=-0.04285
0:	learn: 0.2494601	total: 315ms	remaining: 1m 49s
100:	learn: 0.2431790	total: 31.7s	remaining: 1m 18s
200:	learn: 0.2425248	total: 1m 4s	remaining: 48s
300:	learn: 0.2419763	total: 1m 34s	remaining: 15.4s
349:	learn: 0.2416886	total: 1m 51s	remaining: 0us
  CatBoost seed=2026 fit+predict 114s
  all4            extra=12 gain=  +20.47 SE=7.43 shift=-0.04269

[fold=2023] CatBoost seed=2026 command blocks
0:	learn: 0.2494476	total: 530ms	remaining: 3m 4s
100:	learn: 0.2430911	total: 45.7s	remaining: 1m 52s
200:	learn: 0.2425619	total: 1m 34s	remaining: 1m 9s
300:	learn: 0.2421176	total: 2m 20s	remaining: 22.9s
349:	learn: 0.2418856	total: 2m 41s	remaining: 0us
  CatBoost seed=2026 fit+predict 165s
  strike          extra= 3 gain=  -43.05 SE=5.84 shift=-0.00258
0:	learn: 0.2494450	total: 480ms	remaining: 2m 47s
100:	learn: 0.2430843	total: 42.2s	remaining: 1m 44s
200:	learn: 0.2425569	total: 1m 26s	remaining: 1m 3s
300:	learn: 0.2421284	total: 2m 10s	remaining: 21.2s
349:	learn: 0.2419017	total: 2m 34s	remaining: 0us
  CatBoost seed=2026 fit+predict 158s
  ball            extra= 3 gain=  -53.36 SE=6.01 shift=-0.00316
0:	learn: 0.2494416	total: 530ms	remaining: 3m 5s
100:	learn: 0.2430870	total: 41.4s	remaining: 1m 42s
200:	learn: 0.2425725	total: 1m 20s	remaining: 60s
300:	learn: 0.2421287	total: 2m	remaining: 19.6s
349:	learn: 0.2419119	total: 2m 19s	remaining: 0us
  CatBoost seed=2026 fit+predict 145s
  middle          extra= 3 gain=   +6.98 SE=5.87 shift=-0.00242
0:	learn: 0.2494432	total: 446ms	remaining: 2m 35s
100:	learn: 0.2430792	total: 39.9s	remaining: 1m 38s
200:	learn: 0.2425542	total: 1m 19s	remaining: 59s
300:	learn: 0.2421318	total: 2m	remaining: 19.7s
349:	learn: 0.2419105	total: 2m 23s	remaining: 0us
  CatBoost seed=2026 fit+predict 147s
  reverse         extra= 3 gain=   +0.50 SE=5.70 shift=-0.00249
0:	learn: 0.2494452	total: 468ms	remaining: 2m 43s
100:	learn: 0.2430953	total: 42.6s	remaining: 1m 44s
200:	learn: 0.2425375	total: 1m 26s	remaining: 1m 4s
300:	learn: 0.2420882	total: 2m 6s	remaining: 20.6s
349:	learn: 0.2418595	total: 2m 26s	remaining: 0us
  CatBoost seed=2026 fit+predict 150s
  strike_ball     extra= 6 gain=  -27.81 SE=5.97 shift=-0.00317
0:	learn: 0.2494281	total: 472ms	remaining: 2m 44s
100:	learn: 0.2431028	total: 41.5s	remaining: 1m 42s
200:	learn: 0.2425486	total: 1m 22s	remaining: 1m
300:	learn: 0.2421050	total: 2m 3s	remaining: 20.1s
349:	learn: 0.2418865	total: 2m 23s	remaining: 0us
  CatBoost seed=2026 fit+predict 148s
  middle_reverse  extra= 6 gain=  +37.84 SE=5.92 shift=-0.00308
0:	learn: 0.2494320	total: 454ms	remaining: 2m 38s
100:	learn: 0.2430817	total: 44.2s	remaining: 1m 48s
200:	learn: 0.2425493	total: 1m 28s	remaining: 1m 5s
300:	learn: 0.2421110	total: 2m 15s	remaining: 22s
349:	learn: 0.2418799	total: 2m 37s	remaining: 0us
  CatBoost seed=2026 fit+predict 162s
  all4            extra=12 gain=  +22.29 SE=6.31 shift=-0.00308

[fold=2024] CatBoost seed=2026 command blocks
0:	learn: 0.2495196	total: 511ms	remaining: 2m 58s
Traceback (most recent call last):
  File "/Users/taekwan/Desktop/lgaimers/scripts/diag_catboost_command_profile.py", line 141, in <module>
    main()
  File "/Users/taekwan/Desktop/lgaimers/scripts/diag_catboost_command_profile.py", line 109, in main
    model, pe, le = fit_predict_catboost(
                    ^^^^^^^^^^^^^^^^^^^^^
  File "/Users/taekwan/Desktop/lgaimers/scripts/diag_catboost_expert.py", line 44, in fit_predict_catboost
    model.fit(X.loc[train_mask, features], y.loc[train_mask],
  File "/Users/taekwan/Desktop/lgaimers/.venv/lib/python3.11/site-packages/catboost/core.py", line 5245, in fit
    self._fit(X, y, cat_features, text_features, embedding_features, None, graph, sample_weight, None, None, None, None, baseline, use_best_model,
  File "/Users/taekwan/Desktop/lgaimers/.venv/lib/python3.11/site-packages/catboost/core.py", line 2410, in _fit
    self._train(
  File "/Users/taekwan/Desktop/lgaimers/.venv/lib/python3.11/site-packages/catboost/core.py", line 1790, in _train
    self._object._train(train_pool, test_pool, params, allow_clear_pool, init_model._object if init_model else None)
  File "_catboost.pyx", line 5023, in _catboost._CatBoost._train
  File "_catboost.pyx", line 5072, in _catboost._CatBoost._train
KeyboardInterrupt
