window <=M5 -> (6, 7), all_abs: rows=99,027 expert gain=-444.49 SE=56.63
  blend 0.05: +7.57 (SE 2.83)
  blend 0.10: +12.00 (SE 5.66)
  blend 0.15: +13.30 (SE 8.48)
  blend 0.20: +11.46 (SE 11.31)
  blend 0.30: -1.63 (SE 16.97)
  blend 0.40: -27.26 (SE 22.63)
window <=M5 -> (6, 7), mature_only: rows=44,078 expert gain=-669.48 SE=67.76
  blend 0.05: +9.14 (SE 3.38)
  blend 0.10: +13.80 (SE 6.77)
  blend 0.15: +13.97 (SE 10.15)
  blend 0.20: +9.65 (SE 13.54)
  blend 0.30: -12.44 (SE 20.30)
  blend 0.40: -52.47 (SE 27.07)
window <=M7 -> (8, 9), all_abs: rows=176,611 expert gain=-257.87 SE=47.30
  blend 0.05: +7.22 (SE 2.36)
  blend 0.10: +12.32 (SE 4.73)
  blend 0.15: +15.31 (SE 7.09)
  blend 0.20: +16.18 (SE 9.45)
  blend 0.30: +11.56 (SE 14.18)
  blend 0.40: -1.52 (SE 18.91)
window <=M7 -> (8, 9), mature_only: rows=121,662 expert gain=-291.06 SE=48.97
  blend 0.05: +7.04 (SE 2.45)
  blend 0.10: +11.81 (SE 4.90)
  blend 0.15: +14.30 (SE 7.34)
  blend 0.20: +14.52 (SE 9.79)
  blend 0.30: +8.14 (SE 14.69)
  blend 0.40: -7.33 (SE 19.58)

MEAN GAIN BY VARIANT/WEIGHT
weight       0.05   0.10   0.15   0.20  0.30   0.40
all_abs      7.39  12.16  14.30  13.82  4.97 -14.39
mature_only  8.09  12.80  14.13  12.08 -2.15 -29.90
