
[fold=2022] baseline=2219.37 pitcher_known gain=+82.93
  zero fallback rows pitcher=15.739% batter=11.023%
  pitcher_zero                 brier=0.24341821 BSS= 2305.87 gain= +86.51 SE=18.34 time=20s
  pitcher_known_batter_known   brier=0.24351387 BSS= 2267.48 gain= +48.11 SE=19.49 time=21s
  pitcher_zero_batter_zero     brier=0.24346176 BSS= 2288.39 gain= +69.02 SE=20.01 time=21s

[fold=2023] baseline=0.00 pitcher_known gain=+216.65
  zero fallback rows pitcher=13.798% batter=9.405%
  pitcher_zero                 brier=0.25269252 BSS=    0.00 gain=+320.00 SE=18.49 time=25s
  pitcher_known_batter_known   brier=0.25263177 BSS=    0.00 gain=+344.31 SE=19.27 time=27s
  pitcher_zero_batter_zero     brier=0.25247321 BSS=    0.00 gain=+407.73 SE=19.96 time=27s

[fold=2024] baseline=636.27 pitcher_known gain=+19.52
  zero fallback rows pitcher=19.861% batter=9.305%
  pitcher_zero                 brier=0.24826364 BSS=  617.79 gain= -18.48 SE=18.01 time=30s
  pitcher_known_batter_known   brier=0.24806600 BSS=  696.91 gain= +60.64 SE=18.53 time=33s
  pitcher_zero_batter_zero     brier=0.24804074 BSS=  707.02 gain= +70.75 SE=19.27 time=34s

=========================================================================================================
baseline                     Brier=0.24363375/0.25349253/0.24821748 gain=+0.00/+0.00/+0.00 mean_gain=+0.00 SE=0.00/0.00/0.00
pitcher_known                Brier=0.24342711/0.25295092/0.24816872 gain=+82.93/+216.65/+19.52 mean_gain=+106.37 SE=17.46/17.72/17.30
pitcher_zero                 Brier=0.24341821/0.25269252/0.24826364 gain=+86.51/+320.00/-18.48 mean_gain=+129.34 SE=18.34/18.49/18.01
pitcher_known_batter_known   Brier=0.24351387/0.25263177/0.24806600 gain=+48.11/+344.31/+60.64 mean_gain=+151.02 SE=19.49/19.27/18.53
pitcher_zero_batter_zero     Brier=0.24346176/0.25247321/0.24804074 gain=+69.02/+407.73/+70.75 mean_gain=+182.50 SE=20.01/19.96/19.27
