
[build OOF 2021] train=481,500 val=247,088
  HGB8
    member 1/8 seed=42 21s
    member 2/8 seed=7 28s
    member 3/8 seed=2024 42s
    member 4/8 seed=1 30s
    member 5/8 seed=12345 20s
    member 6/8 seed=99 17s
    member 7/8 seed=2718 31s
    member 8/8 seed=31415 29s
  current-season LGBM3
/Users/taekwan/Desktop/lgaimers/.venv/lib/python3.11/site-packages/joblib/externals/loky/backend/context.py:131: UserWarning: Could not find the number of physical cores for the following reason:
invalid literal for int() with base 10: ''
Returning the number of logical cores instead. You can silence this warning by setting LOKY_MAX_CPU_COUNT to the number of cores you want to use.
  warnings.warn(
  File "/Users/taekwan/Desktop/lgaimers/.venv/lib/python3.11/site-packages/joblib/externals/loky/backend/context.py", line 249, in _count_physical_cores
    cpu_count_physical = _count_physical_cores_darwin()
                         ^^^^^^^^^^^^^^^^^^^^^^^^^^^^^^
  File "/Users/taekwan/Desktop/lgaimers/.venv/lib/python3.11/site-packages/joblib/externals/loky/backend/context.py", line 318, in _count_physical_cores_darwin
    return int(cpu_info)
           ^^^^^^^^^^^^^
    member 1/3 seed=99 20s
    member 2/3 seed=2718 15s
    member 3/3 seed=31415 29s
  CatBoost seed=2026
0:	learn: 0.2494483	total: 232ms	remaining: 1m 20s
100:	learn: 0.2428381	total: 18.5s	remaining: 45.6s
200:	learn: 0.2419988	total: 37.1s	remaining: 27.5s
300:	learn: 0.2412370	total: 55.7s	remaining: 9.07s
349:	learn: 0.2408394	total: 1m 4s	remaining: 0us
  CatBoost seed=2026 fit+predict 67s
  CatBoost seed=2718
0:	learn: 0.2494521	total: 198ms	remaining: 1m 9s
100:	learn: 0.2428173	total: 18.4s	remaining: 45.4s
200:	learn: 0.2419669	total: 36.8s	remaining: 27.3s
300:	learn: 0.2412108	total: 55.6s	remaining: 9.05s
349:	learn: 0.2408175	total: 1m 4s	remaining: 0us
  CatBoost seed=2718 fit+predict 67s
saved ./experiments/preds/conditional_gate_oof_2021.npz

==============================================================================================================
STRICT-PAST CONDITIONAL GATE vs fixed v9 (CatBoost weight=0.60)
global     lambda=      0 gain=  -6.30/+135.98/ -19.20 mean= +36.83 SE=5.75/5.77/5.78
global     lambda=  1e-06 gain=  -6.30/+135.28/ -19.20 mean= +36.59 SE=5.75/5.74/5.78
global     lambda=  1e-05 gain=  -6.30/+129.06/ -19.20 mean= +34.52 SE=5.75/5.43/5.78
global     lambda= 0.0001 gain=  -3.43/ +74.32/ -19.20 mean= +17.23 SE=5.10/2.95/5.78
coarse     lambda=      0 gain= -14.73/+154.00/ -12.69 mean= +42.19 SE=3.19/4.34/3.20
coarse     lambda=  1e-06 gain= -14.37/+154.18/ -12.34 mean= +42.49 SE=3.16/4.33/3.17
coarse     lambda=  1e-05 gain= -12.77/+154.95/ -10.79 mean= +43.80 SE=3.16/4.35/3.18
coarse     lambda= 0.0001 gain=  -9.46/+151.98/ -13.00 mean= +43.17 SE=3.82/4.44/4.61
count      lambda=      0 gain= -15.50/+153.30/ -12.74 mean= +41.69 SE=3.30/4.36/3.27
count      lambda=  1e-06 gain= -15.27/+153.43/ -12.39 mean= +41.92 SE=3.29/4.38/3.21
count      lambda=  1e-05 gain= -13.71/+154.98/ -10.89 mean= +43.46 SE=3.27/4.36/3.21
count      lambda= 0.0001 gain= -10.09/+153.87/ -12.44 mean= +43.78 SE=3.78/4.38/4.51
mechanism  lambda=      0 gain= -15.44/+154.96/ -13.52 mean= +42.00 SE=3.45/4.50/3.33
mechanism  lambda=  1e-06 gain= -14.79/+154.73/ -12.99 mean= +42.32 SE=3.36/4.43/3.26
mechanism  lambda=  1e-05 gain= -12.26/+155.23/ -11.52 mean= +43.82 SE=3.21/4.39/3.23
mechanism  lambda= 0.0001 gain=  -9.24/+151.71/ -12.44 mean= +43.34 SE=3.71/4.39/4.45
saved ./experiments/preds/conditional_gate_summary.csv
