/Users/taekwan/Desktop/lgaimers/.venv/lib/python3.11/site-packages/joblib/externals/loky/backend/context.py:131: UserWarning: Could not find the number of physical cores for the following reason:
invalid literal for int() with base 10: ''
Returning the number of logical cores instead. You can silence this warning by setting LOKY_MAX_CPU_COUNT to the number of cores you want to use.
  warnings.warn(
  File "/Users/taekwan/Desktop/lgaimers/.venv/lib/python3.11/site-packages/joblib/externals/loky/backend/context.py", line 249, in _count_physical_cores
    cpu_count_physical = _count_physical_cores_darwin()
                         ^^^^^^^^^^^^^^^^^^^^^^^^^^^^^^
  File "/Users/taekwan/Desktop/lgaimers/.venv/lib/python3.11/site-packages/joblib/externals/loky/backend/context.py", line 318, in _count_physical_cores_darwin
    return int(cpu_info)
           ^^^^^^^^^^^^^
Load model bundle...
 OK. members=11 features=102 k=50 logit_shift=-0.05048
Load test data...
 test=5  submission=5
Build features...
 features=102
Inference (11 members)...
 preds=5
Build submission...
Saved: ./output/submission.csv (rows=5)
