fold 2024: 실제 r=0.4861  외삽 r_hat=0.4877
  member 1/8 single= 510.61  (124s)
  member 2/8 single= 484.90  (69s)
  member 3/8 single= 563.86  (154s)
  member 4/8 single= 503.93  (92s)
  member 5/8 single= 486.00  (94s)
  member 6/8 single= 327.41  (90s)
  member 7/8 single= 489.14  (146s)
  member 8/8 single= 419.98  (96s)

앙상블 자연평균=0.4994

==============================================================================
     f   target     score   diff_vs_f0.5      SE
==============================================================================
  0.00   0.4994    608.73        -48.23     4.6
  0.25   0.4965    636.21        -20.75     2.3
  0.50   0.4936    656.96          (기준)        
  0.75   0.4906    670.96        +14.00     2.3
  1.00   0.4877    678.22        +21.26     4.6
  1.25   0.4848    678.74        +21.78     6.9
  1.50   0.4819    672.52        +15.56     9.2

raw(f=0)=608.73  oracle(r_true 완전반영)=679.35  r_true=0.4861  r_hat=0.4877
