
[fold=2022] count hierarchy seed=2026
0:	learn: 0.2494529	total: 277ms	remaining: 1m 36s
100:	learn: 0.2431788	total: 24.3s	remaining: 59.9s
200:	learn: 0.2425476	total: 49.6s	remaining: 36.8s
300:	learn: 0.2419681	total: 1m 16s	remaining: 12.5s
349:	learn: 0.2416815	total: 1m 30s	remaining: 0us
  CatBoost seed=2026 fit+predict 94s
  hierarchy       cats=3 gain=   -3.45 SE=3.56 shift=-0.04240
0:	learn: 0.2494700	total: 309ms	remaining: 1m 47s
100:	learn: 0.2431400	total: 34.5s	remaining: 1m 24s
200:	learn: 0.2424893	total: 1m 9s	remaining: 51.8s
300:	learn: 0.2419353	total: 1m 49s	remaining: 17.8s
349:	learn: 0.2416546	total: 2m 8s	remaining: 0us
  CatBoost seed=2026 fit+predict 132s
  pitcher_cross   cats=5 gain=   -8.25 SE=3.89 shift=-0.04237
0:	learn: 0.2494806	total: 424ms	remaining: 2m 28s
100:	learn: 0.2431593	total: 45s	remaining: 1m 50s
200:	learn: 0.2425236	total: 1m 32s	remaining: 1m 8s
300:	learn: 0.2419947	total: 2m 24s	remaining: 23.5s
349:	learn: 0.2417132	total: 2m 47s	remaining: 0us
  CatBoost seed=2026 fit+predict 172s
  player_cross    cats=7 gain=   -0.61 SE=3.95 shift=-0.04256

[fold=2023] count hierarchy seed=2026
0:	learn: 0.2494308	total: 449ms	remaining: 2m 36s
100:	learn: 0.2430709	total: 42.7s	remaining: 1m 45s
200:	learn: 0.2425286	total: 1m 28s	remaining: 1m 5s
300:	learn: 0.2420856	total: 2m 12s	remaining: 21.5s
349:	learn: 0.2418619	total: 2m 33s	remaining: 0us
  CatBoost seed=2026 fit+predict 158s
  hierarchy       cats=3 gain=  -28.87 SE=3.14 shift=-0.00268
0:	learn: 0.2494402	total: 589ms	remaining: 3m 25s
100:	learn: 0.2430591	total: 51.7s	remaining: 2m 7s
200:	learn: 0.2425106	total: 1m 42s	remaining: 1m 16s
300:	learn: 0.2420668	total: 2m 34s	remaining: 25.2s
349:	learn: 0.2418324	total: 3m	remaining: 0us
  CatBoost seed=2026 fit+predict 186s
  pitcher_cross   cats=5 gain=   -1.18 SE=3.22 shift=-0.00257
0:	learn: 0.2494357	total: 768ms	remaining: 4m 27s
100:	learn: 0.2430291	total: 1m 36s	remaining: 3m 58s
200:	learn: 0.2425088	total: 3m 2s	remaining: 2m 15s
300:	learn: 0.2420927	total: 4m 11s	remaining: 40.9s
349:	learn: 0.2418603	total: 4m 42s	remaining: 0us
  CatBoost seed=2026 fit+predict 289s
  player_cross    cats=7 gain=  -15.67 SE=3.33 shift=-0.00267

[fold=2024] count hierarchy seed=2026
0:	learn: 0.2495051	total: 396ms	remaining: 2m 18s
100:	learn: 0.2440311	total: 1m 3s	remaining: 2m 37s
Traceback (most recent call last):
  File "/Users/taekwan/Desktop/lgaimers/scripts/diag_catboost_count_hierarchy.py", line 167, in <module>
    main()
  File "/Users/taekwan/Desktop/lgaimers/scripts/diag_catboost_count_hierarchy.py", line 131, in main
    model, pc, lc = fit_predict_catboost(
                    ^^^^^^^^^^^^^^^^^^^^^
  File "/Users/taekwan/Desktop/lgaimers/scripts/diag_catboost_expert.py", line 47, in fit_predict_catboost
    model.fit(X.loc[train_mask, features], y.loc[train_mask],
  File "/Users/taekwan/Desktop/lgaimers/.venv/lib/python3.11/site-packages/catboost/core.py", line 5245, in fit
    self._fit(X, y, cat_features, text_features, embedding_features, None, graph, sample_weight, None, None, None, None, baseline, use_best_model,
  File "/Users/taekwan/Desktop/lgaimers/.venv/lib/python3.11/site-packages/catboost/core.py", line 2410, in _fit
    self._train(
  File "/Users/taekwan/Desktop/lgaimers/.venv/lib/python3.11/site-packages/catboost/core.py", line 1790, in _train
    self._object._train(train_pool, test_pool, params, allow_clear_pool, init_model._object if init_model else None)
  File "_catboost.pyx", line 5023, in _catboost._CatBoost._train
  File "_catboost.pyx", line 5072, in _catboost._CatBoost._train
KeyboardInterrupt
