2026-08-09 pitcher change-state quick screen
command: env OMP_NUM_THREADS=4 OPENBLAS_NUM_THREADS=1 .venv/bin/python scripts/diag_pitcher_change_state.py quick success_state all_state
protocol: fixed-EB v4 feature baseline, one LGBMClassifier(seed=99), forward seasons 2022/2023/2024

baseline already includes the six EB-shrunk dev_prev{1,3,5}_vs_long features for
success and middle rate. The candidates below add only trajectory summaries/state.

fold=2022 train=728,588 val=247,472
baseline      brier=0.24363375 BSS=2219.37
success_state brier=0.24360747 BSS=2229.91 gain=+10.55 paired_SE=14.75
all_state     brier=0.24368875 BSS=2197.29 gain=-22.08 paired_SE=15.64

fold=2023 train=976,060 val=245,525
baseline      brier=0.25349253 BSS=0.00
success_state brier=0.25349798 BSS=0.00 gain=-2.18 paired_SE=13.67
all_state     brier=0.25339795 BSS=0.00 gain=+37.83 paired_SE=14.35

fold=2024 train=1,221,585 val=253,507
baseline      brier=0.24821748 BSS=636.27
success_state brier=0.24827216 BSS=614.38 gain=-21.89 paired_SE=13.21
all_state     brier=0.24830283 BSS=602.10 gain=-34.17 paired_SE=13.76

summary
baseline      BSS=2219.37/0.00/636.27 mean=951.88
success_state BSS=2229.91/0.00/614.38 gains=+10.55/-2.18/-21.89 mean_gain=-4.51
all_state     BSS=2197.29/0.00/602.10 gains=-22.08/+37.83/-34.17 mean_gain=-6.14

decision: reject both candidates; fold directions are inconsistent and mean gains
are negative. Do not spend three-member confirmation budget, do not modify production.

success_state (5 new features)
- change_success_weighted_dev
- change_success_direction_balance
- change_success_sustained_improvement
- change_success_sustained_decline
- change_success_acceleration

all_state adds the middle-rate analog plus reliability-gated versions (22 total).
Exact per-config column lists are stored in each change_state_*.npz as new_cols.
