
[fold=2022] train=728,588 val=247,472 new=16
  member=1 seed=99 BSS=2288.39 time=20s
  member=2 seed=2718 BSS=2210.85 time=15s
  member=3 seed=31415 BSS=2292.55 time=30s
  LGBM3 original BSS=2251.63; season Brier=0.24335823 BSS=2329.94; direct gain=+78.31 SE=16.05
  season_lgbm_weight=0.00 full Brier=0.24351478 BSS=2267.12 gain=+0.00 SE=0.00
  season_lgbm_weight=0.25 full Brier=0.24346848 BSS=2285.70 gain=+18.58 SE=1.51
  season_lgbm_weight=0.50 full Brier=0.24342935 BSS=2301.40 gain=+34.29 SE=3.01
  season_lgbm_weight=0.75 full Brier=0.24339741 BSS=2314.22 gain=+47.11 SE=4.52
  season_lgbm_weight=1.00 full Brier=0.24337264 BSS=2324.16 gain=+57.05 SE=6.02

[fold=2023] train=976,060 val=245,525 new=16
  member=1 seed=99 BSS=0.00 time=26s
  member=2 seed=2718 BSS=0.00 time=20s
  member=3 seed=31415 BSS=0.00 time=37s
  LGBM3 original BSS=0.00; season Brier=0.25220120 BSS=0.00; direct gain=+482.00 SE=16.77
  season_lgbm_weight=0.00 full Brier=0.25355358 BSS=0.00 gain=+0.00 SE=0.00
  season_lgbm_weight=0.25 full Brier=0.25340998 BSS=0.00 gain=+57.44 SE=1.58
  season_lgbm_weight=0.50 full Brier=0.25327382 BSS=0.00 gain=+111.90 SE=3.15
  season_lgbm_weight=0.75 full Brier=0.25314510 BSS=0.00 gain=+163.39 SE=4.73
  season_lgbm_weight=1.00 full Brier=0.25302383 BSS=0.00 gain=+211.90 SE=6.30

[fold=2024] train=1,221,585 val=253,507 new=16
  member=1 seed=99 BSS=707.02 time=32s
  member=2 seed=2718 BSS=628.64 time=24s
  member=3 seed=31415 BSS=702.74 time=45s
  LGBM3 original BSS=649.70; season Brier=0.24798214 BSS=730.48; direct gain=+80.78 SE=15.75
  season_lgbm_weight=0.00 full Brier=0.24818927 BSS=647.56 gain=+0.00 SE=0.00
  season_lgbm_weight=0.25 full Brier=0.24814250 BSS=666.29 gain=+18.73 SE=1.48
  season_lgbm_weight=0.50 full Brier=0.24810269 BSS=682.22 gain=+34.66 SE=2.96
  season_lgbm_weight=0.75 full Brier=0.24806987 BSS=695.36 gain=+47.80 SE=4.44
  season_lgbm_weight=1.00 full Brier=0.24804402 BSS=705.71 gain=+58.15 SE=5.91

=========================================================================================================
SUMMARY — HGB5 + LGBM3 전체 앙상블, old LGBM -> season LGBM 교체 비중
weight=0.00 Brier=0.24351478/0.25355358/0.24818927 gain=+0.00/+0.00/+0.00 mean_gain=+0.00 SE=0.00/0.00/0.00
weight=0.25 Brier=0.24346848/0.25340998/0.24814250 gain=+18.58/+57.44/+18.73 mean_gain=+31.58 SE=1.51/1.58/1.48
weight=0.50 Brier=0.24342935/0.25327382/0.24810269 gain=+34.29/+111.90/+34.66 mean_gain=+60.28 SE=3.01/3.15/2.96
weight=0.75 Brier=0.24339741/0.25314510/0.24806987 gain=+47.11/+163.39/+47.80 mean_gain=+86.10 SE=4.52/4.73/4.44
weight=1.00 Brier=0.24337264/0.25302383/0.24804402 gain=+57.05/+211.90/+58.15 mean_gain=+109.03 SE=6.02/6.30/5.91
