시즌별 정답률:
season
2019    0.5647
2020    0.5327
2021    0.5328
2022    0.5289
2023    0.5000
2024    0.4861

==============================================================================
[fold val=2023]  실제 r=0.5000  학습평균=0.5395  외삽추정=0.5277 (오차 +0.0277)
  A_season_included  n_train=  976,060  mean(p)=0.5217 (편향 +0.0217)
                       raw=    0.00   외삽보정=    0.00   oracle보정=    0.00   (51s)
  B_season_dropped   n_train=  976,060  mean(p)=0.5187 (편향 +0.0187)
                       raw=    0.00   외삽보정=    0.00   oracle보정=    0.00   (56s)
  C_recency_decay.7  n_train=  976,060  mean(p)=0.5211 (편향 +0.0212)
                       raw=    0.00   외삽보정=    0.00   oracle보정=    0.00   (34s)
  D_last2_seasons    n_train=  494,560  mean(p)=0.5213 (편향 +0.0214)
                       raw=    0.00   외삽보정=    0.00   oracle보정=    0.00   (27s)

==============================================================================
[fold val=2024]  실제 r=0.4861  학습평균=0.5316  외삽추정=0.4877 (오차 +0.0016)
  A_season_included  n_train=1,221,585  mean(p)=0.4980 (편향 +0.0119)
                       raw=  561.34   외삽보정=  616.95   oracle보정=  618.10   (65s)
  B_season_dropped   n_train=1,221,585  mean(p)=0.5086 (편향 +0.0225)
                       raw=    9.80   외삽보정=  207.91   oracle보정=  208.87   (99s)
  C_recency_decay.7  n_train=1,221,585  mean(p)=0.5002 (편향 +0.0141)
                       raw=  408.75   외삽보정=  488.12   oracle보정=  489.33   (63s)
  D_last2_seasons    n_train=  492,997  mean(p)=0.4983 (편향 +0.0122)
                       raw=  287.42   외삽보정=  346.63   oracle보정=  347.86   (31s)
