
==============================================================================
fold val_season=2022
==============================================================================
  [hgb] member 1/5 (45s)
  [hgb] member 2/5 (43s)
  [hgb] member 3/5 (57s)
  [hgb] member 4/5 (43s)
  [hgb] member 5/5 (1491s)
  [lgbm] member 1/3 single=2219.37 (1109s)
  [lgbm] member 2/3 single=2148.17 (1570s)
  [lgbm] member 3/3 single=2217.39 (72s)

>> fold 2022: hgb5=2254.43  hgb5+lgbm3=2267.12  diff=+12.69 (SE=3.6)

==============================================================================
fold val_season=2023
==============================================================================
  [hgb] member 1/5 (5057s)
  [hgb] member 2/5 (4406s)
  [hgb] member 3/5 (10919s)
  [hgb] member 4/5 (7198s)
  [hgb] member 5/5 (2387s)
  [lgbm] member 1/3 single=   0.00 (25s)
  [lgbm] member 2/3 single=   0.00 (17s)
